[    0.000000] Linux version 4.15.0-122-generic (buildd@lgw01-amd64-036) (gcc version 7.5.0 (Ubuntu 7.5.0-3ubuntu1~18.04)) #124-Ubuntu SMP Thu Oct 15 13:03:05 UTC 2020 (Ubuntu 4.15.0-122.124-generic 4.15.18)
[    0.000000] Command line: BOOT_IMAGE=/boot/vmlinuz-4.15.0-122-generic root=UUID=a7cc7f74-b099-45a4-9eb5-9d006fce0a97 ro console=tty1 console=ttyS0
[    0.000000] KERNEL supported cpus:
[    0.000000]   Intel GenuineIntel
[    0.000000]   AMD AuthenticAMD
[    0.000000]   Centaur CentaurHauls
[    0.000000] x86/fpu: Supporting XSAVE feature 0x001: 'x87 floating point registers'
[    0.000000] x86/fpu: Supporting XSAVE feature 0x002: 'SSE registers'
[    0.000000] x86/fpu: Supporting XSAVE feature 0x004: 'AVX registers'
[    0.000000] x86/fpu: xstate_offset[2]:  576, xstate_sizes[2]:  256
[    0.000000] x86/fpu: Enabled xstate features 0x7, context size is 832 bytes, using 'standard' format.
[    0.000000] e820: BIOS-provided physical RAM map:
[    0.000000] BIOS-e820: [mem 0x0000000000000000-0x000000000009fbff] usable
[    0.000000] BIOS-e820: [mem 0x000000000009fc00-0x000000000009ffff] reserved
[    0.000000] BIOS-e820: [mem 0x00000000000f0000-0x00000000000fffff] reserved
[    0.000000] BIOS-e820: [mem 0x0000000000100000-0x000000007ffeffff] usable
[    0.000000] BIOS-e820: [mem 0x000000007fff0000-0x000000007fffffff] ACPI data
[    0.000000] BIOS-e820: [mem 0x00000000fec00000-0x00000000fec00fff] reserved
[    0.000000] BIOS-e820: [mem 0x00000000fee00000-0x00000000fee00fff] reserved
[    0.000000] BIOS-e820: [mem 0x00000000fffc0000-0x00000000ffffffff] reserved
[    0.000000] NX (Execute Disable) protection: active
[    0.000000] SMBIOS 2.5 present.
[    0.000000] DMI: innotek GmbH VirtualBox/VirtualBox, BIOS VirtualBox 12/01/2006
[    0.000000] Hypervisor detected: KVM
[    0.000000] e820: last_pfn = 0x7fff0 max_arch_pfn = 0x400000000
[    0.000000] MTRR: Disabled
[    0.000000] x86/PAT: MTRRs disabled, skipping PAT initialization too.
[    0.000000] CPU MTRRs all blank - virtualized system.
[    0.000000] x86/PAT: Configuration [0-7]: WB  WT  UC- UC  WB  WT  UC- UC  
[    0.000000] found SMP MP-table at [mem 0x0009fff0-0x0009ffff]
[    0.000000] Scanning 1 areas for low memory corruption
[    0.000000] RAMDISK: [mem 0x3595f000-0x36ca6fff]
[    0.000000] ACPI: Early table checksum verification disabled
[    0.000000] ACPI: RSDP 0x00000000000E0000 000024 (v02 VBOX  )
[    0.000000] ACPI: XSDT 0x000000007FFF0030 00003C (v01 VBOX   VBOXXSDT 00000001 ASL  00000061)
[    0.000000] ACPI: FACP 0x000000007FFF00F0 0000F4 (v04 VBOX   VBOXFACP 00000001 ASL  00000061)
[    0.000000] ACPI: DSDT 0x000000007FFF0470 0022EA (v02 VBOX   VBOXBIOS 00000002 INTL 20100528)
[    0.000000] ACPI: FACS 0x000000007FFF0200 000040
[    0.000000] ACPI: FACS 0x000000007FFF0200 000040
[    0.000000] ACPI: APIC 0x000000007FFF0240 00005C (v02 VBOX   VBOXAPIC 00000001 ASL  00000061)
[    0.000000] ACPI: SSDT 0x000000007FFF02A0 0001CC (v01 VBOX   VBOXCPUT 00000002 INTL 20100528)
[    0.000000] No NUMA configuration found
[    0.000000] Faking a node at [mem 0x0000000000000000-0x000000007ffeffff]
[    0.000000] NODE_DATA(0) allocated [mem 0x7ffc5000-0x7ffeffff]
[    0.000000] kvm-clock: cpu 0, msr 0:7ff44001, primary cpu clock
[    0.000000] kvm-clock: Using msrs 4b564d01 and 4b564d00
[    0.000000] kvm-clock: using sched offset of 3613197162 cycles
[    0.000000] clocksource: kvm-clock: mask: 0xffffffffffffffff max_cycles: 0x1cd42e4dffb, max_idle_ns: 881590591483 ns
[    0.000000] Zone ranges:
[    0.000000]   DMA      [mem 0x0000000000001000-0x0000000000ffffff]
[    0.000000]   DMA32    [mem 0x0000000001000000-0x000000007ffeffff]
[    0.000000]   Normal   empty
[    0.000000]   Device   empty
[    0.000000] Movable zone start for each node
[    0.000000] Early memory node ranges
[    0.000000]   node   0: [mem 0x0000000000001000-0x000000000009efff]
[    0.000000]   node   0: [mem 0x0000000000100000-0x000000007ffeffff]
[    0.000000] Reserved but unavailable: 98 pages
[    0.000000] Initmem setup node 0 [mem 0x0000000000001000-0x000000007ffeffff]
[    0.000000] ACPI: PM-Timer IO Port: 0x4008
[    0.000000] IOAPIC[0]: apic_id 2, version 32, address 0xfec00000, GSI 0-23
[    0.000000] ACPI: INT_SRC_OVR (bus 0 bus_irq 0 global_irq 2 dfl dfl)
[    0.000000] ACPI: INT_SRC_OVR (bus 0 bus_irq 9 global_irq 9 low level)
[    0.000000] Using ACPI (MADT) for SMP configuration information
[    0.000000] smpboot: Allowing 2 CPUs, 0 hotplug CPUs
[    0.000000] PM: Registered nosave memory: [mem 0x00000000-0x00000fff]
[    0.000000] PM: Registered nosave memory: [mem 0x0009f000-0x0009ffff]
[    0.000000] PM: Registered nosave memory: [mem 0x000a0000-0x000effff]
[    0.000000] PM: Registered nosave memory: [mem 0x000f0000-0x000fffff]
[    0.000000] e820: [mem 0x80000000-0xfebfffff] available for PCI devices
[    0.000000] Booting paravirtualized kernel on KVM
[    0.000000] clocksource: refined-jiffies: mask: 0xffffffff max_cycles: 0xffffffff, max_idle_ns: 7645519600211568 ns
[    0.000000] random: get_random_bytes called from start_kernel+0x99/0x500 with crng_init=0
[    0.000000] setup_percpu: NR_CPUS:8192 nr_cpumask_bits:2 nr_cpu_ids:2 nr_node_ids:1
[    0.000000] percpu: Embedded 45 pages/cpu s147456 r8192 d28672 u1048576
[    0.000000] PV qspinlock hash table entries: 256 (order: 0, 4096 bytes)
[    0.000000] Built 1 zonelists, mobility grouping on.  Total pages: 515961
[    0.000000] Policy zone: DMA32
[    0.000000] Kernel command line: BOOT_IMAGE=/boot/vmlinuz-4.15.0-122-generic root=UUID=a7cc7f74-b099-45a4-9eb5-9d006fce0a97 ro console=tty1 console=ttyS0
[    0.000000] Memory: 2014696K/2096696K available (12300K kernel code, 2482K rwdata, 4272K rodata, 2436K init, 2724K bss, 82000K reserved, 0K cma-reserved)
[    0.000000] SLUB: HWalign=64, Order=0-3, MinObjects=0, CPUs=2, Nodes=1
[    0.000000] Kernel/User page tables isolation: enabled
[    0.000000] ftrace: allocating 39402 entries in 154 pages
[    0.004000] Hierarchical RCU implementation.
[    0.004000] 	RCU restricting CPUs from NR_CPUS=8192 to nr_cpu_ids=2.
[    0.004000] 	Tasks RCU enabled.
[    0.004000] RCU: Adjusting geometry for rcu_fanout_leaf=16, nr_cpu_ids=2
[    0.004000] NR_IRQS: 524544, nr_irqs: 440, preallocated irqs: 16
[    0.004000] Console: colour VGA+ 80x25
[    0.004000] console [tty1] enabled
[    0.004000] console [ttyS0] enabled
[    0.004000] ACPI: Core revision 20170831
[    0.004000] ACPI: 2 ACPI AML tables successfully acquired and loaded
[    0.004000] APIC: Switch to symmetric I/O mode setup
[    0.004000] x2apic enabled
[    0.004000] Switched APIC routing to physical x2apic.
[    0.004000] ..TIMER: vector=0x30 apic1=0 pin1=2 apic2=-1 pin2=-1
[    0.004012] tsc: Detected 2592.000 MHz processor
[    0.004953] Calibrating delay loop (skipped) preset value.. 5184.00 BogoMIPS (lpj=10368000)
[    0.005375] pid_max: default: 32768 minimum: 301
[    0.008031] Security Framework initialized
[    0.008925] Yama: becoming mindful.
[    0.009719] AppArmor: AppArmor initialized
[    0.012000] Dentry cache hash table entries: 262144 (order: 9, 2097152 bytes)
[    0.013111] Inode-cache hash table entries: 131072 (order: 8, 1048576 bytes)
[    0.014253] Mount-cache hash table entries: 4096 (order: 3, 32768 bytes)
[    0.016004] Mountpoint-cache hash table entries: 4096 (order: 3, 32768 bytes)
[    0.017660] Last level iTLB entries: 4KB 64, 2MB 8, 4MB 8
[    0.020002] Last level dTLB entries: 4KB 64, 2MB 0, 4MB 0, 1GB 4
[    0.020994] Spectre V1 : Mitigation: usercopy/swapgs barriers and __user pointer sanitization
[    0.022387] Spectre V2 : Mitigation: Full generic retpoline
[    0.023298] Spectre V2 : Spectre v2 / SpectreRSB mitigation: Filling RSB on context switch
[    0.024001] Speculative Store Bypass: Vulnerable
[    0.024832] SRBDS: Unknown: Dependent on hypervisor status
[    0.026067] MDS: Mitigation: Clear CPU buffers
[    0.028123] Freeing SMP alternatives memory: 36K
[    0.137822] smpboot: CPU0: Intel(R) Core(TM) i7-9750H CPU @ 2.60GHz (family: 0x6, model: 0x9e, stepping: 0xa)
[    0.140000] Performance Events: unsupported p6 CPU model 158 no PMU driver, software events only.
[    0.140052] Hierarchical SRCU implementation.
[    0.141448] NMI watchdog: Perf event create on CPU 0 failed with -2
[    0.142469] NMI watchdog: Perf NMI watchdog permanently disabled
[    0.144070] smp: Bringing up secondary CPUs ...
[    0.144939] x86: Booting SMP configuration:
[    0.145651] .... node  #0, CPUs:      #1
[    0.004000] kvm-clock: cpu 1, msr 0:7ff44041, secondary cpu clock
[    0.150409] smp: Brought up 1 node, 2 CPUs
[    0.150409] smpboot: Max logical packages: 1
[    0.152008] smpboot: Total of 2 processors activated (10368.00 BogoMIPS)
[    0.153336] devtmpfs: initialized
[    0.153336] x86/mm: Memory block size: 128MB
[    0.153613] evm: security.selinux
[    0.154198] evm: security.SMACK64
[    0.156009] evm: security.SMACK64EXEC
[    0.156731] evm: security.SMACK64TRANSMUTE
[    0.157584] evm: security.SMACK64MMAP
[    0.158331] evm: security.apparmor
[    0.159234] evm: security.ima
[    0.160004] evm: security.capability
[    0.160873] clocksource: jiffies: mask: 0xffffffff max_cycles: 0xffffffff, max_idle_ns: 7645041785100000 ns
[    0.161939] futex hash table entries: 512 (order: 3, 32768 bytes)
[    0.164070] pinctrl core: initialized pinctrl subsystem
[    0.165011] RTC time:  7:22:43, date: 11/10/20
[    0.165858] NET: Registered protocol family 16
[    0.166755] audit: initializing netlink subsys (disabled)
[    0.168114] audit: type=2000 audit(1604992969.220:1): state=initialized audit_enabled=0 res=1
[    0.169746] cpuidle: using governor ladder
[    0.169746] cpuidle: using governor menu
[    0.172042] ACPI: bus type PCI registered
[    0.172964] acpiphp: ACPI Hot Plug PCI Controller Driver version: 0.5
[    0.174197] PCI: Using configuration type 1 for base access
[    0.177397] HugeTLB registered 2.00 MiB page size, pre-allocated 0 pages
[    0.177397] ACPI: Added _OSI(Module Device)
[    0.180003] ACPI: Added _OSI(Processor Device)
[    0.180744] ACPI: Added _OSI(3.0 _SCP Extensions)
[    0.181525] ACPI: Added _OSI(Processor Aggregator Device)
[    0.182608] ACPI: Added _OSI(Linux-Dell-Video)
[    0.183723] ACPI: Added _OSI(Linux-Lenovo-NV-HDMI-Audio)
[    0.184005] ACPI: Added _OSI(Linux-HPI-Hybrid-Graphics)
[    0.185205] ACPI: Executed 1 blocks of module-level executable AML code
[    0.190008] ACPI: Interpreter enabled
[    0.190752] ACPI: (supports S0 S5)
[    0.191345] ACPI: Using IOAPIC for interrupt routing
[    0.192185] PCI: Using host bridge windows from ACPI; if necessary, use "pci=nocrs" and report a bug
[    0.193877] ACPI: Enabled 2 GPEs in block 00 to 07
[    0.200861] ACPI: PCI Root Bridge [PCI0] (domain 0000 [bus 00-ff])
[    0.202105] acpi PNP0A03:00: _OSC: OS supports [ASPM ClockPM Segments MSI]
[    0.203752] acpi PNP0A03:00: _OSC: not requesting OS control; OS requires [ExtendedConfig ASPM ClockPM MSI]
[    0.204009] acpi PNP0A03:00: fail to add MMCONFIG information, can't access extended PCI configuration space under this bridge.
[    0.208279] PCI host bridge to bus 0000:00
[    0.209146] pci_bus 0000:00: root bus resource [io  0x0000-0x0cf7 window]
[    0.210240] pci_bus 0000:00: root bus resource [io  0x0d00-0xffff window]
[    0.211444] pci_bus 0000:00: root bus resource [mem 0x000a0000-0x000bffff window]
[    0.212007] pci_bus 0000:00: root bus resource [mem 0x80000000-0xfdffffff window]
[    0.213241] pci_bus 0000:00: root bus resource [bus 00-ff]
[    0.217704] pci 0000:00:01.1: legacy IDE quirk: reg 0x10: [io  0x01f0-0x01f7]
[    0.219448] pci 0000:00:01.1: legacy IDE quirk: reg 0x14: [io  0x03f6]
[    0.220003] pci 0000:00:01.1: legacy IDE quirk: reg 0x18: [io  0x0170-0x0177]
[    0.221943] pci 0000:00:01.1: legacy IDE quirk: reg 0x1c: [io  0x0376]
[    0.253674] pci 0000:00:07.0: quirk: [io  0x4000-0x403f] claimed by PIIX4 ACPI
[    0.255359] pci 0000:00:07.0: quirk: [io  0x4100-0x410f] claimed by PIIX4 SMB
[    0.269028] ACPI: PCI Interrupt Link [LNKA] (IRQs 5 9 10 *11)
[    0.270791] ACPI: PCI Interrupt Link [LNKB] (IRQs 5 9 *10 11)
[    0.272000] ACPI: PCI Interrupt Link [LNKC] (IRQs 5 *9 10 11)
[    0.272105] ACPI: PCI Interrupt Link [LNKD] (IRQs 5 9 10 *11)
[    0.273451] SCSI subsystem initialized
[    0.274300] pci 0000:00:02.0: vgaarb: setting as boot VGA device
[    0.274300] pci 0000:00:02.0: vgaarb: VGA device added: decodes=io+mem,owns=io+mem,locks=none
[    0.276030] pci 0000:00:02.0: vgaarb: bridge control possible
[    0.277135] vgaarb: loaded
[    0.277658] ACPI: bus type USB registered
[    0.280030] usbcore: registered new interface driver usbfs
[    0.280926] usbcore: registered new interface driver hub
[    0.281824] usbcore: registered new device driver usb
[    0.282887] EDAC MC: Ver: 3.0.0
[    0.284264] PCI: Using ACPI for IRQ routing
[    0.285200] NetLabel: Initializing
[    0.285850] NetLabel:  domain hash size = 128
[    0.287015] NetLabel:  protocols = UNLABELED CIPSOv4 CALIPSO
[    0.288053] NetLabel:  unlabeled traffic allowed by default
[    0.289318] clocksource: Switched to clocksource kvm-clock
[    0.302228] VFS: Disk quotas dquot_6.6.0
[    0.303130] VFS: Dquot-cache hash table entries: 512 (order 0, 4096 bytes)
[    0.304526] AppArmor: AppArmor Filesystem Enabled
[    0.305727] pnp: PnP ACPI init
[    0.307393] pnp: PnP ACPI: found 3 devices
[    0.316058] clocksource: acpi_pm: mask: 0xffffff max_cycles: 0xffffff, max_idle_ns: 2085701024 ns
[    0.318273] NET: Registered protocol family 2
[    0.319204] TCP established hash table entries: 16384 (order: 5, 131072 bytes)
[    0.320613] TCP bind hash table entries: 16384 (order: 6, 262144 bytes)
[    0.321961] TCP: Hash tables configured (established 16384 bind 16384)
[    0.324518] UDP hash table entries: 1024 (order: 3, 32768 bytes)
[    0.326152] UDP-Lite hash table entries: 1024 (order: 3, 32768 bytes)
[    0.327584] NET: Registered protocol family 1
[    0.328570] pci 0000:00:00.0: Limiting direct PCI/PCI transfers
[    0.329718] pci 0000:00:01.0: Activating ISA DMA hang workarounds
[    0.331259] pci 0000:00:02.0: Video device with shadowed ROM at [mem 0x000c0000-0x000dffff]
[    0.333000] Unpacking initramfs...
[    0.574273] Freeing initrd memory: 19744K
[    0.575428] clocksource: tsc: mask: 0xffffffffffffffff max_cycles: 0x255cb6cc5db, max_idle_ns: 440795203504 ns
[    0.577077] platform rtc_cmos: registered platform RTC device (no PNP device found)
[    0.578312] Scanning for low memory corruption every 60 seconds
[    0.579735] Initialise system trusted keyrings
[    0.580506] Key type blacklist registered
[    0.581360] workingset: timestamp_bits=36 max_order=19 bucket_order=0
[    0.583015] zbud: loaded
[    0.583809] squashfs: version 4.0 (2009/01/31) Phillip Lougher
[    0.584903] fuse init (API version 7.26)
[    0.587046] Key type asymmetric registered
[    0.587749] Asymmetric key parser 'x509' registered
[    0.588590] Block layer SCSI generic (bsg) driver version 0.4 loaded (major 246)
[    0.589843] io scheduler noop registered
[    0.590504] io scheduler deadline registered
[    0.591226] io scheduler cfq registered (default)
[    0.592371] ACPI: AC Adapter [AC] (on-line)
[    0.593114] input: Power Button as /devices/LNXSYSTM:00/LNXPWRBN:00/input/input0
[    0.594349] ACPI: Power Button [PWRF]
[    0.595069] input: Sleep Button as /devices/LNXSYSTM:00/LNXSLPBN:00/input/input1
[    0.597487] ACPI: Sleep Button [SLPF]
[    0.599472] ACPI: Battery Slot [BAT0] (battery present)
[    0.600492] Serial: 8250/16550 driver, 32 ports, IRQ sharing enabled
[    0.622712] 00:02: ttyS0 at I/O 0x3f8 (irq = 4, base_baud = 115200) is a 16550A
[    0.626765] Linux agpgart interface v0.103
[    0.628899] loop: module loaded
[    0.630038] scsi host0: ata_piix
[    0.630733] scsi host1: ata_piix
[    0.631322] ata1: PATA max UDMA/33 cmd 0x1f0 ctl 0x3f6 bmdma 0xd000 irq 14
[    0.632537] ata2: PATA max UDMA/33 cmd 0x170 ctl 0x376 bmdma 0xd008 irq 15
[    0.634263] libphy: Fixed MDIO Bus: probed
[    0.634978] tun: Universal TUN/TAP device driver, 1.6
[    0.635944] PPP generic driver version 2.4.2
[    0.637022] ehci_hcd: USB 2.0 'Enhanced' Host Controller (EHCI) Driver
[    0.638102] ehci-pci: EHCI PCI platform driver
[    0.638873] ehci-platform: EHCI generic platform driver
[    0.639755] ohci_hcd: USB 1.1 'Open' Host Controller (OHCI) Driver
[    0.640840] ohci-pci: OHCI PCI platform driver
[    0.641602] ohci-platform: OHCI generic platform driver
[    0.642477] uhci_hcd: USB Universal Host Controller Interface driver
[    0.643563] i8042: PNP: PS/2 Controller [PNP0303:PS2K,PNP0f03:PS2M] at 0x60,0x64 irq 1,12
[    0.645693] serio: i8042 KBD port at 0x60,0x64 irq 1
[    0.646550] serio: i8042 AUX port at 0x60,0x64 irq 12
[    0.647632] mousedev: PS/2 mouse device common for all mice
[    0.649129] input: AT Translated Set 2 keyboard as /devices/platform/i8042/serio0/input/input2
[    0.650803] rtc_cmos rtc_cmos: rtc core: registered rtc_cmos as rtc0
[    0.652219] rtc_cmos rtc_cmos: alarms up to one day, 114 bytes nvram
[    0.653269] i2c /dev entries driver
[    0.653918] device-mapper: uevent: version 1.0.3
[    0.654777] device-mapper: ioctl: 4.37.0-ioctl (2017-09-20) initialised: dm-devel@redhat.com
[    0.656232] ledtrig-cpu: registered to indicate activity on CPUs
[    0.657719] NET: Registered protocol family 10
[    0.661520] Segment Routing with IPv6
[    0.662150] NET: Registered protocol family 17
[    0.662911] Key type dns_resolver registered
[    0.663733] mce: Using 0 MCE banks
[    0.664341] RAS: Correctable Errors collector initialized.
[    0.665259] sched_clock: Marking stable (664327948, 0)->(828916745, -164588797)
[    0.667068] registered taskstats version 1
[    0.667971] Loading compiled-in X.509 certificates
[    0.670890] Loaded X.509 cert 'Build time autogenerated kernel key: 1ac9abf9980c816fb9cfffb58ec8b2f33f2baf04'
[    0.672582] zswap: loaded using pool lzo/zbud
[    0.675795] Key type big_key registered
[    0.676473] Key type trusted registered
[    0.678439] Key type encrypted registered
[    0.679102] AppArmor: AppArmor sha1 policy hashing enabled
[    0.679983] ima: No TPM chip found, activating TPM-bypass! (rc=-19)
[    0.681054] ima: Allocated hash algorithm: sha1
[    0.681799] evm: HMAC attrs: 0x1
[    0.682545]   Magic number: 12:345:369
[    0.683393] rtc_cmos rtc_cmos: setting system clock to 2020-11-10 07:22:44 UTC (1604992964)
[    0.685113] BIOS EDD facility v0.16 2004-Jun-25, 0 devices found
[    0.686061] EDD information not available.
[    0.793836] Freeing unused kernel image memory: 2436K
[    1.121988] Write protecting the kernel read-only data: 20480k
[    1.123720] Freeing unused kernel image memory: 2008K
[    1.125492] Freeing unused kernel image memory: 1872K
[    1.134506] x86/mm: Checked W+X mappings: passed, no W+X pages found.
[    1.135934] x86/mm: Checking user space page tables
[    1.145018] x86/mm: Checked W+X mappings: passed, no W+X pages found.
Loading, please wait...
starting version 237
[    1.199758] Fusion MPT base driver 3.04.20
[    1.200639] Copyright (c) 1999-2008 LSI Corporation
[    1.206439] Fusion MPT SPI Host driver 3.04.20
[    1.211262] mptbase: ioc0: Initiating bringup
[    1.228777] e1000: Intel(R) PRO/1000 Network Driver - version 7.3.21-k8-NAPI
[    1.230502] e1000: Copyright (c) 1999-2006 Intel Corporation.
[    1.236604] AVX2 version of gcm_enc/dec engaged.
[    1.238006] AES CTR mode by8 optimization enabled
[    1.322242] ioc0: LSI53C1030 A0: Capabilities={Initiator}
[    1.551124] input: ImExPS/2 Generic Explorer Mouse as /devices/platform/i8042/serio1/input/input4
[    2.264799] scsi host2: ioc0: LSI53C1030 A0, FwRev=00000000h, Ports=1, MaxQ=256, IRQ=20
[    3.142182] scsi 2:0:0:0: Direct-Access     VBOX     HARDDISK         1.0  PQ: 0 ANSI: 5
[    3.176269] scsi target2:0:0: Beginning Domain Validation
[    3.180129] scsi target2:0:0: Domain Validation skipping write tests
[    3.181825] scsi target2:0:0: Ending Domain Validation
[    3.183565] scsi target2:0:0: asynchronous
[    3.185658] scsi 2:0:1:0: Direct-Access     VBOX     HARDDISK         1.0  PQ: 0 ANSI: 5
[    3.524532] scsi target2:0:1: Beginning Domain Validation
[    3.527900] random: fast init done
[    3.529066] scsi target2:0:1: Domain Validation skipping write tests
[    3.530335] scsi target2:0:1: Ending Domain Validation
[    3.531465] scsi target2:0:1: asynchronous
[    3.537096] random: systemd-udevd: uninitialized urandom read (16 bytes read)
[    3.538487] random: systemd-udevd: uninitialized urandom read (16 bytes read)
[    3.540022] random: systemd-udevd: uninitialized urandom read (16 bytes read)
[    3.541864] sd 2:0:0:0: Attached scsi generic sg0 type 0
[    3.543143] sd 2:0:1:0: Attached scsi generic sg1 type 0
[    3.544223] sd 2:0:0:0: [sda] 20971520 512-byte logical blocks: (10.7 GB/10.0 GiB)
[    3.546335] sd 2:0:0:0: [sda] Write Protect is off
[    3.547486] sd 2:0:1:0: [sdb] 20480 512-byte logical blocks: (10.5 MB/10.0 MiB)
[    3.549205] sd 2:0:1:0: [sdb] Write Protect is off
[    3.550241] sd 2:0:0:0: [sda] Incomplete mode parameter data
[    3.551584] sd 2:0:0:0: [sda] Assuming drive cache: write through
[    3.553483] sd 2:0:1:0: [sdb] Incomplete mode parameter data
[    3.554891] sd 2:0:1:0: [sdb] Assuming drive cache: write through
[    3.559231]  sda: sda1
[    3.560902] sd 2:0:0:0: [sda] Attached SCSI disk
[    3.562776] sd 2:0:1:0: [sdb] Attached SCSI disk
[    3.563082] e1000 0000:00:03.0 eth0: (PCI:33MHz:32-bit) 02:c6:b0:25:69:cb
[    3.565104] e1000 0000:00:03.0 eth0: Intel(R) PRO/1000 Network Connection
[    3.568412] e1000 0000:00:03.0 enp0s3: renamed from eth0
Begin: Loading essential drivers ... [    4.948258] raid6: sse2x1   gen() 14839 MB/s
[    4.996013] raid6: sse2x1   xor()  9809 MB/s
[    5.044122] raid6: sse2x2   gen() 16657 MB/s
[    5.092015] raid6: sse2x2   xor() 11893 MB/s
[    5.140202] raid6: sse2x4   gen() 20093 MB/s
[    5.188236] raid6: sse2x4   xor() 12856 MB/s
[    5.236383] raid6: avx2x1   gen() 29341 MB/s
[    5.284068] raid6: avx2x1   xor() 20765 MB/s
[    5.332502] raid6: avx2x2   gen() 35512 MB/s
[    5.380129] raid6: avx2x2   xor() 21605 MB/s
[    5.428503] raid6: avx2x4   gen() 41736 MB/s
[    5.476219] raid6: avx2x4   xor() 23095 MB/s
[    5.477558] raid6: using algorithm avx2x4 gen() 41736 MB/s
[    5.478538] raid6: .... xor() 23095 MB/s, rmw enabled
[    5.479646] raid6: using avx2x2 recovery algorithm
[    5.482445] xor: automatically using best checksumming function   avx       
[    5.485619] async_tx: api initialized (async)
done.
Begin: Running /scripts/init-premount ... done.
Begin: Mounting root file system ... Begin: Running /scripts/local-top ... done.
Begin: Running /scripts/local-premount ... [    5.527494] Btrfs loaded, crc32c=crc32c-intel
Scanning for Btrfs filesystems
done.
Warning: fsck not present, so skipping root file system
[    5.557699] EXT4-fs (sda1): INFO: recovery required on readonly filesystem
[    5.559127] EXT4-fs (sda1): write access will be enabled during recovery
[    5.597487] EXT4-fs (sda1): orphan cleanup on readonly fs
[    5.598529] EXT4-fs (sda1): 6 orphan inodes deleted
[    5.599363] EXT4-fs (sda1): recovery complete
[    5.600802] EXT4-fs (sda1): mounted filesystem with ordered data mode. Opts: (null)
done.
Begin: Running /scripts/local-bottom ... done.
Begin: Running /scripts/init-bottom ... done.
[    5.753961] ip_tables: (C) 2000-2006 Netfilter Core Team
[    5.759964] systemd[1]: systemd 237 running in system mode. (+PAM +AUDIT +SELINUX +IMA +APPARMOR +SMACK +SYSVINIT +UTMP +LIBCRYPTSETUP +GCRYPT +GNUTLS +ACL +XZ +LZ4 +SECCOMP +BLKID +ELFUTILS +KMOD -IDN2 +IDN -PCRE2 default-hierarchy=hybrid)
[    5.763540] systemd[1]: Detected virtualization oracle.
[    5.764461] systemd[1]: Detected architecture x86-64.

Welcome to [1mUbuntu 18.04.5 LTS[0m!

[    5.771454] systemd[1]: Set hostname to <ubuntu-bionic>.
[    6.007823] systemd[1]: Created slice User and Session Slice.
[[0;32m  OK  [0m] Created slice User and Session Slice.
[    6.009788] systemd[1]: Reached target Swap.
[[0;32m  OK  [0m] Reached target Swap.
[    6.011131] systemd[1]: Reached target System Time Synchronized.
[[0;32m  OK  [0m] Reached target System Time Synchronized.
[    6.012989] systemd[1]: Reached target User and Group Name Lookups.
[[0;32m  OK  [0m] Reached target User and Group Name Lookups.
[    6.014900] systemd[1]: Started Forward Password Requests to Wall Directory Watch.
[[0;32m  OK  [0m] Started Forward Password Requests to Wall Directory Watch.
[    6.017416] systemd[1]: Created slice System Slice.
[[0;32m  OK  [0m] Created slice System Slice.
[[0;32m  OK  [0m] Listening on Device-mapper event daemon FIFOs.
[[0;32m  OK  [0m] Listening on Journal Socket.
         Mounting Kernel Debug File System...
[[0;32m  OK  [0m] Listening on udev Kernel Socket.
[[0;32m  OK  [0m] Listening on Journal Socket (/dev/log).
[[0;32m  OK  [0m] Reached target Slices.
         Mounting Huge Pages File System...
         Starting Uncomplicated firewall...
         Starting Set the console keyboard layout...
         Mounting POSIX Message Queue File System...
[[0;32m  OK  [0m] Listening on Network Service Netlink Socket.
         Starting Remount Root and Kernel File Systems...
[[0;32m  OK  [0m] Listening on LVM2 poll daemon socket.
[[0;32m  OK  [0m] Listening on LVM2 metadata daemon socket.
[[0;32m  OK  [0m] Listening on Journal Audit Socket.
[[0;32m  OK  [0m] Listening on Syslog Socket.
         Starting Journal Service...
[[0;32m  OK  [0m] Created slice system-serial\x2dgetty.slice.
         Starting Load Kernel Modules...
[[0;32m  OK  [0m] Listening on /dev/initctl Compatibility Named Pipe.
[[0;32m  OK  [0m] Listening on udev Control Socket.
         Starting udev Coldplug all Devices...
         Starting Create list of required stâ€¦ce nodes for the current kernel...[    6.096878] EXT4-fs (sda1): re-mounted. Opts: (null)

         Starting Monitoring of LVM2 mirrorsâ€¦ng dmeventd or progress polling...
[[0;32m  OK  [0m] Set up automount Arbitrary Executabâ€¦rmats File System Automount Point.
[    6.117280] Loading iSCSI transport class v2.0-870.
[    6.122135] iscsi: registered transport (tcp)
[[0;32m  OK  [0m] Mounted Kernel Debug File System.
[[0;32m  OK  [0m] Mounted Huge Pages File System.
[[0;32m  OK  [0m] Started Uncomplicated firewall.
[[0;32m  OK  [0m] Mounted POSIX Message Queue File System.
[[0;32m  OK  [0m] Started Remount Root and Kernel File Systems.
[[0;32m  OK  [0m] Started Create list of required staâ€¦vice nodes for the current kernel.
[[0;32m  OK  [0m] Started Journal Service.
[[0;32m  OK  [0m] Started LVM2 metadata daemon.
         Starting Create Static Device Nodes in /dev...
         Starting Load/Save Random Seed...
[    6.201492] iscsi: registered transport (iser)
         Starting Flush Journal to Persistent Storage...
[[0;32m  OK  [0m] Started Load Kernel Modules.
[[0;32m  OK  [0m] Started Monitoring of LVM2 mirrors,â€¦sing dmeventd or progress polling.
[[0;32m  OK  [0m] Started udev Coldplug all Devices.
[[0;32m  OK  [0m] Started Load/Save Random Seed.
         Mounting FUSE Control File System...
         Mounting Kernel Configuration File System...
         Starting Apply Kernel Variables...
[[0;32m  OK  [0m] Mounted FUSE Control File System.
[[0;32m  OK  [0m] Mounted Kernel Configuration File System.
[[0;32m  OK  [0m] Started Set the console keyboard layout.
[    6.250795] systemd-journald[427]: Received request to flush runtime journal from PID 1
[[0;32m  OK  [0m] Started Create Static Device Nodes in /dev.
[[0;32m  OK  [0m] Reached target Local File Systems (Pre).
         Mounting /vagrant...
[[0;32m  OK  [0m] Reached target Local File Systems.
         Starting Set console font and keymap...
         Starting ebtables ruleset management...
         Starting AppArmor initialization...
         Starting Tell Plymouth To Write Out Runtime Data...
         Starting udev Kernel Device Manager...
[[0;32m  OK  [0m] Started Set console font and keymap.
[[0;32m  OK  [0m] Started Tell Plymouth To Write Out Runtime Data.
[[0;32m  OK  [0m] Started Apply Kernel Variables.
[[0;32m  OK  [0m] Mounted /vagrant.
[[0;32m  OK  [0m] Started udev Kernel Device Manager.
[[0;32m  OK  [0m] Started Dispatch Password Requests to Console Directory Watch.
[[0;32m  OK  [0m] Reached target Local Encrypted Volumes.
[[0;32m  OK  [0m] Started ebtables ruleset management.
[[0;32m  OK  [0m] Started Flush Journal to Persistent Storage.
         Starting Create Volatile Files and Directories...
[[0;32m  OK  [0m] Started Create Volatile Files and Directories.
         Starting Update UTMP about System Boot/Shutdown...
[[0;32m  OK  [0m] Started Update UTMP about System Boot/Shutdown.
[[0;32m  OK  [0m] Started AppArmor initialization.
         Starting Initial cloud-init job (pre-networking)...
         Starting Load AppArmor profiles managed internally by snapd...
[[0;32m  OK  [0m] Started Load AppArmor profiles managed internally by snapd.
[[0;32m  OK  [0m] Found device /dev/ttyS0.
[[0;32m  OK  [0m] Listening on Load/Save RF Kill Switch Status /dev/rfkill Watch.
[    7.672979] cloud-init[539]: Cloud-init v. 20.3-2-g371b392c-0ubuntu1~18.04.1 running 'init-local' at Tue, 10 Nov 2020 07:22:51 +0000. Up 7.51 seconds.
[[0;32m  OK  [0m] Started Initial cloud-init job (pre-networking).
[[0;32m  OK  [0m] Reached target Network (Pre).
         Starting Network Service...
[[0;32m  OK  [0m] Started Network Service.
         Starting Wait for Network to be Configured...
         Starting Network Name Resolution...
[[0;32m  OK  [0m] Started Network Name Resolution.
[[0;32m  OK  [0m] Reached target Network.
[[0;32m  OK  [0m] Reached target Host and Network Name Lookups.
[[0;32m  OK  [0m] Started Wait for Network to be Configured.
         Starting Initial cloud-init job (metadata service crawler)...
[    9.595036] cloud-init[680]: Cloud-init v. 20.3-2-g371b392c-0ubuntu1~18.04.1 running 'init' at Tue, 10 Nov 2020 07:22:53 +0000. Up 9.48 seconds.
[    9.596051] cloud-init[680]: ci-info: ++++++++++++++++++++++++++++++++++++++Net device info++++++++++++++++++++++++++++++++++++++
[    9.608133] cloud-init[680]: ci-info: +--------+------+----------------------------+---------------+--------+-------------------+
[    9.609407] cloud-init[680]: ci-info: | Device |  Up  |          Address           |      Mask     | Scope  |     Hw-Address    |
[    9.611344] cloud-init[680]: ci-info: +--------+------+----------------------------+---------------+--------+-------------------+
[    9.613300] cloud-init[680]: ci-info: | enp0s3 | True |         10.0.2.15          | 255.255.255.0 | global | 02:c6:b0:25:69:cb |
[    9.615780] cloud-init[680]: ci-info: | enp0s3 | True | fe80::c6:b0ff:fe25:69cb/64 |       .       |  link  | 02:c6:b0:25:69:cb |
[    9.617548] cloud-init[680]: ci-info: |   lo   | True |         127.0.0.1          |   255.0.0.0   |  host  |         .         |
[    9.619176] cloud-init[680]: ci-info: |   lo   | True |          ::1/128           |       .       |  host  |         .         |
[    9.620749] cloud-init[680]: ci-info: +--------+------+----------------------------+---------------+--------+-------------------+
[    9.622496] cloud-init[680]: ci-info: ++++++++++++++++++++++++++++Route IPv4 info+++++++++++++++++++++++++++++
[    9.623799] cloud-init[680]: ci-info: +-------+-------------+----------+-----------------+-----------+-------+
[    9.625080] cloud-init[680]: ci-info: | Route | Destination | Gateway  |     Genmask     | Interface | Flags |
[    9.626376] cloud-init[680]: ci-info: +-------+-------------+----------+-----------------+-----------+-------+
[    9.627645] cloud-init[680]: ci-info: |   0   |   0.0.0.0   | 10.0.2.2 |     0.0.0.0     |   enp0s3  |   UG  |
[    9.628960] cloud-init[680]: ci-info: |   1   |   10.0.2.0  | 0.0.0.0  |  255.255.255.0  |   enp0s3  |   U   |
[    9.630262] cloud-init[680]: ci-info: |   2   |   10.0.2.2  | 0.0.0.0  | 255.255.255.255 |   enp0s3  |   UH  |
[    9.631823] cloud-init[680]: ci-info: +-------+-------------+----------+-----------------+-----------+-------+
[    9.633393] cloud-init[680]: ci-info: +++++++++++++++++++Route IPv6 info+++++++++++++++++++
[    9.635921] cloud-init[680]: ci-info: +-------+-------------+---------+-----------+-------+
[    9.637271] cloud-init[680]: ci-info: | Route | Destination | Gateway | Interface | Flags |
[    9.638423] cloud-init[680]: ci-info: +-------+-------------+---------+-----------+-------+
[    9.639546] cloud-init[680]: ci-info: |   1   |  fe80::/64  |    ::   |   enp0s3  |   U   |
[    9.640826] cloud-init[680]: ci-info: |   3   |    local    |    ::   |   enp0s3  |   U   |
[    9.642314] cloud-init[680]: ci-info: |   4   |   ff00::/8  |    ::   |   enp0s3  |   U   |
[    9.644556] cloud-init[680]: ci-info: +-------+-------------+---------+-----------+-------+
[[0;32m  OK  [0m] Started Initial cloud-init job (metadata service crawler).
[[0;32m  OK  [0m] Reached target System Initialization.
         Starting Socket activation for snappy daemon.
[[0;32m  OK  [0m] Started Discard unused blocks once a week.
[[0;32m  OK  [0m] Started Message of the Day.
         Starting LXD - unix socket.
[[0;32m  OK  [0m] Listening on ACPID Listen Socket.
[[0;32m  OK  [0m] Started Daily Cleanup of Temporary Directories.
[[0;32m  OK  [0m] Started Daily apt download activities.
[[0;32m  OK  [0m] Started Clean PHP session files every 30 mins.
[[0;32m  OK  [0m] Listening on Open-iSCSI iscsid Socket.
[[0;32m  OK  [0m] Started Daily apt upgrade and clean activities.
[[0;32m  OK  [0m] Reached target Timers.
[[0;32m  OK  [0m] Started ACPI Events Check.
[[0;32m  OK  [0m] Reached target Paths.
[[0;32m  OK  [0m] Listening on UUID daemon activation socket.
[[0;32m  OK  [0m] Listening on D-Bus System Message Bus Socket.
[[0;32m  OK  [0m] Reached target Network is Online.
         Starting Availability of block devices...
[[0;32m  OK  [0m] Reached target Remote File Systems (Pre).
[[0;32m  OK  [0m] Reached target Remote File Systems.
[[0;32m  OK  [0m] Reached target Cloud-config availability.
[[0;32m  OK  [0m] Listening on Socket activation for snappy daemon.
[[0;32m  OK  [0m] Listening on LXD - unix socket.
[[0;32m  OK  [0m] Started Availability of block devices.
[[0;32m  OK  [0m] Reached target Sockets.
[[0;32m  OK  [0m] Reached target Basic System.
         Starting The Apache HTTP Server...
[[0;32m  OK  [0m] Started Regular background program processing daemon.
[[0;32m  OK  [0m] Started FUSE filesystem for LXC.
[[0;32m  OK  [0m] Started irqbalance daemon.
         Starting Login Service...
[[0;32m  OK  [0m] Started D-Bus System Message Bus.
[[0;32m  OK  [0m] Started Login Service.
[[0;32m  OK  [0m] Started Unattended Upgrades Shutdown.
         Starting Dispatcher daemon for systemd-networkd...
[[0;32m  OK  [0m] Started Deferred execution scheduler.
         Starting Permit User Sessions...
         Starting LSB: automatic crash report generation...
         Starting MySQL Community Server...
         Starting Snap Daemon...
         Starting LSB: Record successful boot for GRUB...
         Starting System Logging Service...
         Starting LXD - container startup/shutdown...
         Starting Virtualbox guest utils...
         Starting OpenBSD Secure Shell server...
         Starting Clean php session files...
         Starting Accounts Service...
[[0;32m  OK  [0m] Started System Logging Service.
[[0;32m  OK  [0m] Started The Apache HTTP Server.
[[0;32m  OK  [0m] Started Permit User Sessions.
         Starting Terminate Plymouth Boot Screen...
         Starting Hold until boot process finishes up...
[[0;32m  OK  [0m] Started Hold until boot process finishes up.
         Starting Set console scheme...
[[0;32m  OK  [0m] Started Serial Getty on ttyS0.
[[0;32m  OK  [0m] Started Terminate Plymouth Boot Screen.
[[0;32m  OK  [0m] Started OpenBSD Secure Shell server.
[[0;32m  OK  [0m] Started Set console scheme.
[[0;32m  OK  [0m] Started LSB: automatic crash report generation.
[[0;32m  OK  [0m] Created slice system-getty.slice.
[[0;32m  OK  [0m] Started Getty on tty1.
[[0;32m  OK  [0m] Reached target Login Prompts.
[[0;32m  OK  [0m] Started Virtualbox guest utils.
[[0;32m  OK  [0m] Started LXD - container startup/shutdown.
[[0;32m  OK  [0m] Started LSB: Record successful boot for GRUB.
         Starting Authorization Manager...
[[0;32m  OK  [0m] Started Authorization Manager.
[[0;32m  OK  [0m] Started Accounts Service.
[[0;32m  OK  [0m] Started Dispatcher daemon for systemd-networkd.
[[0;32m  OK  [0m] Started Snap Daemon.
         Starting Wait until snapd is fully seeded...
[[0;32m  OK  [0m] Started Wait until snapd is fully seeded.
         Starting Apply the settings specified in cloud-config...
[[0;32m  OK  [0m] Created slice User Slice of vagrant.
         Starting User Manager for UID 1000...
[[0;32m  OK  [0m] Started Session 1 of user vagrant.
[[0;32m  OK  [0m] Started Clean php session files.
[[0;32m  OK  [0m] Started User Manager for UID 1000.
[[0;32m  OK  [0m] Started MySQL Community Server.
[[0;32m  OK  [0m] Reached target Multi-User System.
[[0;32m  OK  [0m] Reached target Graphical Interface.
         Starting Update UTMP about System Runlevel Changes...
[[0;32m  OK  [0m] Started Update UTMP about System Runlevel Changes.
[   12.271685] cloud-init[1270]: Cloud-init v. 20.3-2-g371b392c-0ubuntu1~18.04.1 running 'modules:config' at Tue, 10 Nov 2020 07:22:56 +0000. Up 12.18 seconds.
[[0;32m  OK  [0m] Started Apply the settings specified in cloud-config.
         Starting Execute cloud user/final scripts...
[   12.679027] cloud-init[1456]: Cloud-init v. 20.3-2-g371b392c-0ubuntu1~18.04.1 running 'modules:final' at Tue, 10 Nov 2020 07:22:56 +0000. Up 12.59 seconds.
[   12.681022] cloud-init[1456]: Cloud-init v. 20.3-2-g371b392c-0ubuntu1~18.04.1 finished at Tue, 10 Nov 2020 07:22:56 +0000. Datasource DataSourceNoCloud [seed=/dev/sdb][dsmode=net].  Up 12.67 seconds
[[0;32m  OK  [0m] Started Execute cloud user/final scripts.
         Starting Daily apt download activities...
[[0;32m  OK  [0m] Reached target Cloud-init target.
         Stopping User Manager for UID 1000...
[[0;32m  OK  [0m] Stopped User Manager for UID 1000.
[[0;32m  OK  [0m] Removed slice User Slice of vagrant.

Ubuntu 18.04.5 LTS ubuntu-bionic ttyS0

ubuntu-bionic login: 